12:23:02 **** Incremental Build of configuration Debug for project upr 1 ****
make -j4 all 
arm-none-eabi-gcc "../Core/Src/main.c" -mcpu=cortex-m4 -std=gnu11 -g3 -DDEBUG -DUSE_NUCLEO_64 -DUSE_HAL_DRIVER -DSTM32G474xx -c -I../Core/Inc -I../Drivers/STM32G4xx_HAL_Driver/Inc -I../Drivers/STM32G4xx_HAL_Driver/Inc/Legacy -I../Drivers/BSP/STM32G4xx_Nucleo -I../Drivers/CMSIS/Device/ST/STM32G4xx/Include -I../Drivers/CMSIS/Include -I../Middlewares/Third_Party/FreeRTOS/Source/include -I../Middlewares/Third_Party/FreeRTOS/Source/CMSIS_RTOS_V2 -I../Middlewares/Third_Party/FreeRTOS/Source/portable/GCC/ARM_CM4F -O0 -ffunction-sections -fdata-sections -Wall -fstack-usage -fcyclomatic-complexity -MMD -MP -MF"Core/Src/main.d" -MT"Core/Src/main.o" --specs=nano.specs -mfpu=fpv4-sp-d16 -mfloat-abi=hard -mthumb -o "Core/Src/main.o"
arm-none-eabi-gcc -o "upr 1.elf" @"objects.list"   -mcpu=cortex-m4 -T"C:\Users\students\Desktop\EMZ_2025\X\70avalchev\EMZ_2025_LAB\Lab_1\code\upr 1\STM32G474RETX_FLASH.ld" --specs=nosys.specs -Wl,-Map="upr 1.map" -Wl,--gc-sections -static --specs=nano.specs -mfpu=fpv4-sp-d16 -mfloat-abi=hard -mthumb -Wl,--start-group -lc -lm -Wl,--end-group
Finished building target: upr 1.elf
 
arm-none-eabi-size  upr\ 1.elf 
arm-none-eabi-objdump -h -S upr\ 1.elf  > "upr 1.list"
   text	   data	    bss	    dec	    hex	filename
  18272	    120	   3328	  21720	   54d8	upr 1.elf
Finished building: default.size.stdout
 
Finished building: upr 1.list
 

12:23:04 Build Finished. 0 errors, 0 warnings. (took 2s.102ms)

